// Jest Snapshot v1, https://goo.gl/fbAQLP

exports[`NavbarLanding matches the snapshot 1`] = `
<View
  style={
    [
      {
        "alignItems": "center",
        "backgroundColor": "#D4AF37",
        "borderBottomColor": "#E5E7EB",
        "borderBottomWidth": 1,
        "elevation": 3,
        "flexDirection": "row",
        "height": 70,
        "justifyContent": "space-around",
        "paddingHorizontal": 10,
        "paddingTop": 10,
        "shadowColor": "#000",
        "shadowOffset": {
          "height": 2,
          "width": 0,
        },
        "shadowOpacity": 0.1,
        "shadowRadius": 4,
      },
      {
        "backgroundColor": "#FAF3E0",
      },
    ]
  }
>
  <View
    accessibilityState={
      {
        "busy": undefined,
        "checked": undefined,
        "disabled": undefined,
        "expanded": undefined,
        "selected": undefined,
      }
    }
    accessibilityValue={
      {
        "max": undefined,
        "min": undefined,
        "now": undefined,
        "text": undefined,
      }
    }
    accessible={true}
    collapsable={false}
    focusable={true}
    onClick={[Function]}
    onResponderGrant={[Function]}
    onResponderMove={[Function]}
    onResponderRelease={[Function]}
    onResponderTerminate={[Function]}
    onResponderTerminationRequest={[Function]}
    onStartShouldSetResponder={[Function]}
    style={
      {
        "alignItems": "center",
        "backgroundColor": "#FAF3E0",
        "borderRadius": 8,
        "marginTop": 10,
        "opacity": 1,
        "paddingVertical": 12,
      }
    }
    testID="navbutton-Login"
  >
    <Text
      style={
        [
          {
            "color": "#1A1A1A",
            "fontSize": 14,
            "fontWeight": "bold",
          },
          undefined,
        ]
      }
    >
      Login
    </Text>
  </View>
  <View
    accessibilityState={
      {
        "busy": undefined,
        "checked": undefined,
        "disabled": undefined,
        "expanded": undefined,
        "selected": undefined,
      }
    }
    accessibilityValue={
      {
        "max": undefined,
        "min": undefined,
        "now": undefined,
        "text": undefined,
      }
    }
    accessible={true}
    collapsable={false}
    focusable={true}
    onClick={[Function]}
    onResponderGrant={[Function]}
    onResponderMove={[Function]}
    onResponderRelease={[Function]}
    onResponderTerminate={[Function]}
    onResponderTerminationRequest={[Function]}
    onStartShouldSetResponder={[Function]}
    style={
      {
        "alignItems": "center",
        "backgroundColor": "#FAF3E0",
        "borderRadius": 8,
        "marginTop": 10,
        "opacity": 1,
        "paddingVertical": 12,
      }
    }
    testID="navbutton-Signup"
  >
    <Text
      style={
        [
          {
            "color": "#1A1A1A",
            "fontSize": 14,
            "fontWeight": "bold",
          },
          undefined,
        ]
      }
    >
      Sign up
    </Text>
  </View>
</View>
`;
