// Jest Snapshot v1, https://goo.gl/fbAQLP

exports[`SaintDetailModal matches the snapshot 1`] = `
<Modal
  animationType="slide"
  hardwareAccelerated={false}
  visible={true}
>
  <View
    style={
      [
        {
          "flex": 1,
          "padding": 20,
        },
        {
          "backgroundColor": "#FAF3E0",
        },
      ]
    }
  >
    <Image
      source={
        {
          "testUri": "../../../assets/images/default_saint.png",
        }
      }
      style={
        [
          {
            "borderRadius": 8,
            "height": 200,
            "width": "100%",
          },
          {
            "height": 300,
          },
        ]
      }
    />
    <Text
      style={
        [
          {
            "color": "#222",
            "fontSize": 24,
            "fontWeight": "bold",
            "marginBottom": 16,
          },
          {
            "color": "#1A1A1A",
            "marginTop": 10,
          },
        ]
      }
    >
      St. Francis of Assisi
    </Text>
    <Text
      style={
        [
          {
            "color": "white",
            "fontSize": 12,
          },
          {
            "color": "#1A1A1A",
            "marginTop": -20,
          },
        ]
      }
    >
      ca 
      1181
       - ca 
      1226
          (Feast day: 
      October 4
      )
    </Text>
    <Text
      style={
        [
          {
            "color": "white",
            "fontSize": 14,
          },
          {
            "color": "#1A1A1A",
          },
        ]
      }
    >
      Patron saint of 
      animals and the environment
    </Text>
    <Text
      style={
        [
          {
            "color": "white",
            "fontSize": 14,
          },
          {
            "color": "#1A1A1A",
          },
        ]
      }
    >
      Canonized: 
      1228
    </Text>
    <Text
      style={
        [
          {
            "color": "white",
            "fontSize": 14,
          },
          {
            "color": "#1A1A1A",
            "marginBottom": 20,
            "marginTop": 15,
          },
        ]
      }
    >
      St. Francis of Assisi was a Catholic friar...
    </Text>
    <View
      accessibilityState={
        {
          "busy": undefined,
          "checked": undefined,
          "disabled": undefined,
          "expanded": undefined,
          "selected": undefined,
        }
      }
      accessibilityValue={
        {
          "max": undefined,
          "min": undefined,
          "now": undefined,
          "text": undefined,
        }
      }
      accessible={true}
      collapsable={false}
      focusable={true}
      onClick={[Function]}
      onResponderGrant={[Function]}
      onResponderMove={[Function]}
      onResponderRelease={[Function]}
      onResponderTerminate={[Function]}
      onResponderTerminationRequest={[Function]}
      onStartShouldSetResponder={[Function]}
      style={
        {
          "alignItems": "center",
          "alignSelf": "center",
          "backgroundColor": "#FFD700",
          "borderRadius": 8,
          "marginTop": 10,
          "opacity": 1,
          "paddingVertical": 12,
          "width": "50%",
        }
      }
    >
      <Text
        style={
          [
            {
              "color": "white",
              "fontSize": 16,
              "fontWeight": "bold",
            },
            {
              "alignSelf": "center",
              "color": "#1A1A1A",
            },
          ]
        }
      >
        Close
      </Text>
    </View>
  </View>
</Modal>
`;
